[templates.envytheme.com/rello/default/about-us.html]
[templates.envytheme.com/rello/default/assets/css/bootstrap.min.css]
[templates.envytheme.com/rello/default/assets/css/owl.theme.default.min.css]
[templates.envytheme.com/rello/default/assets/css/owl.carousel.min.css]
[templates.envytheme.com/rello/default/assets/css/flaticon.css]
[templates.envytheme.com/rello/default/assets/css/remixicon.css]
[templates.envytheme.com/rello/default/assets/css/meanmenu.min.css]
[templates.envytheme.com/rello/default/assets/css/animate.min.css]
[templates.envytheme.com/rello/default/assets/css/magnific-popup.min.css]
[templates.envytheme.com/rello/default/assets/css/dark-mode.css]
[templates.envytheme.com/rello/default/assets/css/style.css]
[templates.envytheme.com/rello/default/assets/css/responsive.css]
[templates.envytheme.com/rello/default/assets/images/favicon.png]
[backblue.gif]
[fade.gif]
[index.html]
[templates.envytheme.com/rello/default/index.html]
[templates.envytheme.com/rello/default/assets/images/logo.png]
[templates.envytheme.com/rello/default/assets/images/white-logo.png]
[templates.envytheme.com/rello/default/index-2.html]
[templates.envytheme.com/rello/default/index-3.html]
[templates.envytheme.com/rello/default/my-account.html]
[templates.envytheme.com/rello/default/dashboard.html]
[templates.envytheme.com/rello/default/my-profile.html]
[templates.envytheme.com/rello/default/edit-profile.html]
[templates.envytheme.com/rello/default/add-listing.html]
[templates.envytheme.com/rello/default/message.html]
[templates.envytheme.com/rello/default/agents-list.html]
[templates.envytheme.com/rello/default/my-listings.html]
[templates.envytheme.com/rello/default/booking.html]
[templates.envytheme.com/rello/default/reviews.html]
[templates.envytheme.com/rello/default/pricing-plan.html]
[templates.envytheme.com/rello/default/faq.html]
[templates.envytheme.com/rello/default/gallery.html]
[templates.envytheme.com/rello/default/privacy-policy.html]
[templates.envytheme.com/rello/default/terms-conditions.html]
[templates.envytheme.com/rello/default/coming-soon.html]
[templates.envytheme.com/rello/default/404.html]
[templates.envytheme.com/rello/default/listing.html]
[templates.envytheme.com/rello/default/listing-map.html]
[templates.envytheme.com/rello/default/single-listing.html]
[templates.envytheme.com/rello/default/agents.html]
[templates.envytheme.com/rello/default/single-agents.html]
[templates.envytheme.com/rello/default/blog.html]
[templates.envytheme.com/rello/default/single-blog.html]
[templates.envytheme.com/rello/default/contact-us.html]
[templates.envytheme.com/rello/default/assets/images/dark.png]
[templates.envytheme.com/rello/default/assets/images/light.png]
[templates.envytheme.com/rello/default/assets/images/can-help/can-help-1.png]
[templates.envytheme.com/rello/default/assets/images/can-help/can-help-2.png]
[templates.envytheme.com/rello/default/assets/images/can-help/can-help-3.png]
[templates.envytheme.com/rello/default/assets/images/can-help/can-help-4.png]
[templates.envytheme.com/rello/default/assets/images/rell-about-img.jpg]
[templates.envytheme.com/rello/default/assets/images/network-shape.png]
[templates.envytheme.com/rello/default/assets/images/why-choose-img-4.jpg]
[templates.envytheme.com/rello/default/assets/images/client-say/client-2.jpg]
[templates.envytheme.com/rello/default/assets/images/client-say/client-3.jpg]
[templates.envytheme.com/rello/default/assets/images/client-say/client-4.jpg]
[templates.envytheme.com/rello/default/assets/images/client-say/client-5.jpg]
[templates.envytheme.com/rello/default/assets/images/agents/agent-9.jpg]
[templates.envytheme.com/rello/default/assets/images/agents/agent-10.jpg]
[templates.envytheme.com/rello/default/assets/images/agents/agent-11.jpg]
[templates.envytheme.com/rello/default/assets/images/agents/agent-12.jpg]
[templates.envytheme.com/rello/default/assets/images/agents/agent-13.jpg]
[templates.envytheme.com/rello/default/assets/images/play-store.png]
[templates.envytheme.com/rello/default/assets/images/apple-store.png]
[templates.envytheme.com/cdn-cgi/scripts/5c5dd728/cloudflare-static/email-decode.min.js]
[templates.envytheme.com/rello/default/assets/js/bootstrap.bundle.min.js]
[templates.envytheme.com/rello/default/assets/js/jquery.min.js]
[templates.envytheme.com/rello/default/assets/js/meanmenu.min.js]
[templates.envytheme.com/rello/default/assets/js/owl.carousel.min.js]
[templates.envytheme.com/rello/default/assets/js/wow.js]
[templates.envytheme.com/rello/default/assets/js/mixitup.min.js]
[templates.envytheme.com/rello/default/assets/js/magnific-popup.min.js]
[templates.envytheme.com/rello/default/assets/js/dark-mode-switch.min.js]
[templates.envytheme.com/rello/default/assets/js/form-validator.min.js]
[templates.envytheme.com/rello/default/assets/js/contact-form-script.js]
[templates.envytheme.com/rello/default/assets/js/ajaxchimp.min.js]
[templates.envytheme.com/rello/default/about-us.html]
[templates.envytheme.com/rello/default/assets/css/bootstrap.min.css]
[templates.envytheme.com/rello/default/assets/css/owl.theme.default.min.css]
[templates.envytheme.com/rello/default/assets/js/custom.js]
[templates.envytheme.com/rello/default/assets/css/owl.video.play.png]
[templates.envytheme.com/rello/default/assets/css/owl.carousel.min.css]
[templates.envytheme.com/rello/default/assets/fonts/flaticon1720.ttf]
[templates.envytheme.com/rello/default/assets/fonts/flaticon1720.woff]
[templates.envytheme.com/rello/default/assets/fonts/flaticon1720.woff2]
[templates.envytheme.com/rello/default/assets/fonts/flaticon1720.eot]
[templates.envytheme.com/rello/default/assets/css/flaticon.css]
[templates.envytheme.com/rello/default/assets/fonts/flaticon1720.svg]
[templates.envytheme.com/rello/default/assets/fonts/remixicondf6d.eot]
[templates.envytheme.com/rello/default/assets/fonts/remixicondf6d.woff2]
[templates.envytheme.com/rello/default/assets/fonts/remixicondf6d.woff]
[templates.envytheme.com/rello/default/assets/fonts/remixicondf6d.ttf]
[templates.envytheme.com/rello/default/assets/fonts/remixicondf6d.svg]
[templates.envytheme.com/rello/default/assets/css/remixicon.css]
[templates.envytheme.com/rello/default/assets/css/meanmenu.min.css]
[templates.envytheme.com/rello/default/assets/css/animate.min.css]
[templates.envytheme.com/rello/default/assets/css/magnific-popup.min.css]
[templates.envytheme.com/rello/default/assets/css/dark-mode.css]
[templates.envytheme.com/rello/default/assets/images/banner/banner-bg-2.jpg]
[templates.envytheme.com/rello/default/assets/images/client-say/client-say.jpg]
[templates.envytheme.com/rello/default/assets/images/app-bg.jpg]
[templates.envytheme.com/rello/default/assets/images/network-bg.jpg]
[templates.envytheme.com/rello/default/assets/images/page-bg/page-bg-1.jpg]
[templates.envytheme.com/rello/default/assets/images/blog/blog-1.jpg]
[templates.envytheme.com/rello/default/assets/images/blog/blog-2.jpg]
[templates.envytheme.com/rello/default/assets/images/blog/blog-3.jpg]
[templates.envytheme.com/rello/default/assets/images/blog/blog-4.jpg]
[templates.envytheme.com/rello/default/assets/images/properties/properties-6.jpg]
[templates.envytheme.com/rello/default/assets/css/style.css]
[templates.envytheme.com/rello/default/assets/css/responsive.css]
[templates.envytheme.com/rello/default/assets/images/agents/agent-1.jpg]
[templates.envytheme.com/rello/default/assets/images/agents/agent-2.jpg]
[templates.envytheme.com/rello/default/assets/images/agents/agent-3.jpg]
[templates.envytheme.com/rello/default/assets/images/agents/agent-4.jpg]
[templates.envytheme.com/rello/default/assets/images/banner/banner-img-1.jpg]
[templates.envytheme.com/rello/default/assets/images/featured/featured-1.jpg]
[templates.envytheme.com/rello/default/assets/images/agents/agent-5.jpg]
[templates.envytheme.com/rello/default/assets/images/featured/featured-2.jpg]
[templates.envytheme.com/rello/default/assets/images/agents/agent-6.jpg]
[templates.envytheme.com/rello/default/assets/images/featured/featured-3.jpg]
[templates.envytheme.com/rello/default/assets/images/agents/agent-7.jpg]
[templates.envytheme.com/rello/default/assets/images/featured/featured-4.jpg]
[templates.envytheme.com/rello/default/assets/images/properties/properties-1.jpg]
[templates.envytheme.com/rello/default/assets/images/properties/properties-2.jpg]
[templates.envytheme.com/rello/default/assets/images/properties/properties-3.jpg]
[templates.envytheme.com/rello/default/assets/images/properties/properties-4.jpg]
[templates.envytheme.com/rello/default/assets/images/properties/properties-5.jpg]
[templates.envytheme.com/rello/default/assets/images/properties/properties-7.jpg]
[templates.envytheme.com/rello/default/assets/images/properties/properties-8.jpg]
[templates.envytheme.com/rello/default/assets/images/agents/agent-8.jpg]
[templates.envytheme.com/rello/default/assets/images/why-choose-img.jpg]
[templates.envytheme.com/rello/default/assets/images/discover/discover-1.jpg]
[templates.envytheme.com/rello/default/assets/images/discover/discover-2.jpg]
[templates.envytheme.com/rello/default/assets/images/discover/discover-3.jpg]
[templates.envytheme.com/rello/default/assets/images/discover/discover-4.jpg]
[templates.envytheme.com/rello/default/assets/images/discover/discover-5.jpg]
[templates.envytheme.com/rello/default/assets/images/discover/discover-6.jpg]
[templates.envytheme.com/rello/default/assets/images/discover/discover-7.jpg]
[templates.envytheme.com/rello/default/index.html]
[templates.envytheme.com/rello/default/assets/images/app-img.png]
[templates.envytheme.com/rello/default/index-2.html]
[templates.envytheme.com/rello/default/assets/images/banner/banner-img-2.jpg]
[templates.envytheme.com/rello/default/assets/images/featured-shape.png]
[templates.envytheme.com/rello/default/assets/images/why-choose-img-2.jpg]
[templates.envytheme.com/rello/default/assets/images/why-choose-img-3.jpg]
[templates.envytheme.com/rello/default/index-3.html]
[templates.envytheme.com/rello/default/my-account.html]
[templates.envytheme.com/rello/default/dashboard.html]
[templates.envytheme.com/rello/default/my-profile.html]
[templates.envytheme.com/rello/default/edit-profile.html]
[templates.envytheme.com/rello/default/add-listing.html]
[templates.envytheme.com/rello/default/assets/images/messages/messages-1.jpg]
[templates.envytheme.com/rello/default/assets/images/messages/messages-2.jpg]
[templates.envytheme.com/rello/default/assets/images/messages/messages-3.jpg]
[templates.envytheme.com/rello/default/assets/images/messages/messages-4.jpg]
[templates.envytheme.com/rello/default/assets/images/messages/messages-5.jpg]
[templates.envytheme.com/rello/default/assets/images/messages/messages-6.jpg]
[templates.envytheme.com/rello/default/assets/images/messages/messages-7.jpg]
[templates.envytheme.com/rello/default/assets/images/messages/messages-8.jpg]
[templates.envytheme.com/rello/default/assets/images/messages/messages-9.jpg]
[templates.envytheme.com/rello/default/assets/images/messages/messages-10.jpg]
[templates.envytheme.com/rello/default/assets/images/messages/messages-11.jpg]
[templates.envytheme.com/rello/default/assets/images/messages/messages-12.jpg]
[templates.envytheme.com/rello/default/assets/images/messages/messages-13.jpg]
[templates.envytheme.com/rello/default/assets/images/messages/messages-14.jpg]
[templates.envytheme.com/rello/default/assets/images/messages/messages-15.jpg]
[templates.envytheme.com/rello/default/message.html]
[templates.envytheme.com/rello/default/assets/images/agents/agent-17.jpg]
[templates.envytheme.com/rello/default/assets/images/agents/agent-18.jpg]
[templates.envytheme.com/rello/default/assets/images/agents/agent-19.jpg]
[templates.envytheme.com/rello/default/assets/images/agents/agent-20.jpg]
[templates.envytheme.com/rello/default/assets/images/agents/agent-21.jpg]
[templates.envytheme.com/rello/default/assets/images/agents/agent-22.jpg]
[templates.envytheme.com/rello/default/assets/images/agents/agent-23.jpg]
[templates.envytheme.com/rello/default/agents-list.html]
[templates.envytheme.com/rello/default/my-listings.html]
[templates.envytheme.com/rello/default/booking.html]
[templates.envytheme.com/rello/default/assets/images/client-say/client-6.jpg]
[templates.envytheme.com/rello/default/assets/images/client-say/client-7.jpg]
[templates.envytheme.com/rello/default/reviews.html]
[templates.envytheme.com/rello/default/pricing-plan.html]
[templates.envytheme.com/rello/default/contact.html]
[templates.envytheme.com/rello/default/faq.html]
[templates.envytheme.com/rello/default/assets/images/gallery/gallery-1.jpg]
[templates.envytheme.com/rello/default/assets/images/gallery/gallery-2.jpg]
[templates.envytheme.com/rello/default/assets/images/gallery/gallery-3.jpg]
[templates.envytheme.com/rello/default/assets/images/gallery/gallery-4.jpg]
[templates.envytheme.com/rello/default/assets/images/gallery/gallery-5.jpg]
[templates.envytheme.com/rello/default/assets/images/gallery/gallery-6.jpg]
[templates.envytheme.com/rello/default/assets/images/gallery/gallery-7.jpg]
[templates.envytheme.com/rello/default/assets/images/gallery/gallery-8.jpg]
[templates.envytheme.com/rello/default/assets/images/gallery/gallery-9.jpg]
[templates.envytheme.com/rello/default/gallery.html]
[templates.envytheme.com/rello/default/privacy-policy.html]
[templates.envytheme.com/rello/default/terms-conditions.html]
[templates.envytheme.com/rello/default/coming-soon.html]
[templates.envytheme.com/rello/default/assets/images/404.png]
[templates.envytheme.com/rello/default/404.html]
[templates.envytheme.com/rello/default/listing.html]
[templates.envytheme.com/rello/default/listing-map.html]
[templates.envytheme.com/rello/default/assets/images/video-img.jpg]
[templates.envytheme.com/rello/default/assets/images/map-img.jpg]
[templates.envytheme.com/rello/default/assets/images/agents/agent-14.jpg]
[templates.envytheme.com/rello/default/single-listing.html]
[templates.envytheme.com/rello/default/assets/images/agents/agent-15.jpg]
[templates.envytheme.com/rello/default/assets/images/agents/agent-16.jpg]
[templates.envytheme.com/rello/default/agents.html]
[templates.envytheme.com/rello/default/product-details.html]
[templates.envytheme.com/rello/default/single-agents.html]
[templates.envytheme.com/rello/default/assets/images/blog/user-1.jpg]
[templates.envytheme.com/rello/default/assets/images/blog/user-2.jpg]
[templates.envytheme.com/rello/default/assets/images/blog/user-3.jpg]
[templates.envytheme.com/rello/default/blog.html]
[templates.envytheme.com/rello/default/blog-details.html]
[templates.envytheme.com/rello/default/single-blog.html]
[templates.envytheme.com/rello/default/contact-us.html]
[templates.envytheme.com/rello/default/assets/css/owl.video.play.html]
[templates.envytheme.com/rello/default/assets/fonts/flaticon1720.svg]
[templates.envytheme.com/rello/default/assets/fonts/remixicondf6d.html]
[templates.envytheme.com/rello/default/assets/images/blog/blog-4.html]
[templates.envytheme.com/rello/default/contact.html]
[templates.envytheme.com/rello/default/product-details.html]
[templates.envytheme.com/rello/default/blog-details.html]
